# Fixture build + Go/Python cross-validation
# 2026-09-14T15:01:29Z  (python: Python 3.12.0)

  ok  basic              200 B  public
  ok  empty_sections      96 B  public
  ok  alignment_gaps     176 B  public
  ok  metadata_sort       80 B  held-out
  ok  unicode            120 B  held-out
  ok  long_name          304 B  held-out
  ok  int64_zigzag       160 B  held-out
  ok  float64_edges      112 B  held-out
  ok  many_sections     1232 B  held-out
  ok  mixed_order        152 B  held-out
  ok  v3_basic           256 B  public
  ok  v3_types           192 B  public
  ok  v3_empty            24 B  held-out
  ok  v3_string_dedup    240 B  held-out
  ok  v3_metadata_sort   112 B  held-out
  ok  v3_rle             624 B  held-out
  ok  v3_bool_edges      240 B  held-out
  ok  v3_uint64_edges    176 B  held-out
  ok  v3_int64_wrap      216 B  held-out
  ok  v3_float_edges     128 B  held-out
  ok  v3_alignment       352 B  held-out
  ok  v3_long_name       864 B  held-out
  ok  v3_unicode         184 B  held-out
  ok  v3_many_sections  1984 B  held-out
  ok  v3_mixed           336 B  held-out

25 cases validated; 5 public, 20 held-out
